MO Test NULL ../Addf/Addf.v vlg14/_test.bin 1444308085
MO Addf NULL ../Addf/Addf.v vlg5B/_addf.bin 1444308085
MO Logicalf NULL ../Logicalf/Logicalf.v vlg41/_logicalf.bin 1444308085
MO Shifterf NULL ../Shifterf/Shifterf.v vlg23/_shifterf.bin 1444308085
MO Mux NULL ../Mux/Mux.v vlg46/_mux.bin 1444308085
MO Alu NULL Alu.v vlg6A/_alu.bin 1444308085
MO onebitfulladder NULL ../Addf/Addf.v vlg34/onebitfulladder.bin 1444308085
MO Comparatorf NULL ../Comparatorf/Comparatorf.v vlg62/_comparatorf.bin 1444308085
